{
  "exclude": {
    "files": null,
    "lines": null
  },
  "generated_at": "2026-07-01T23:56:41Z",
  "plugins_used": [
    {
      "name": "AWSKeyDetector"
    },
    {
      "name": "ArtifactoryDetector"
    },
    {
      "name": "AzureStorageKeyDetector"
    },
    {
      "base64_limit": 4.5,
      "name": "Base64HighEntropyString"
    },
    {
      "name": "BasicAuthDetector"
    },
    {
      "name": "BoxDetector"
    },
    {
      "name": "CloudantDetector"
    },
    {
      "ghe_instance": "github.ibm.com",
      "name": "GheDetector"
    },
    {
      "name": "GitHubTokenDetector"
    },
    {
      "hex_limit": 3,
      "name": "HexHighEntropyString"
    },
    {
      "name": "IbmCloudIamDetector"
    },
    {
      "name": "IbmCosHmacDetector"
    },
    {
      "name": "JwtTokenDetector"
    },
    {
      "keyword_exclude": null,
      "name": "KeywordDetector"
    },
    {
      "name": "MailchimpDetector"
    },
    {
      "name": "NpmDetector"
    },
    {
      "name": "PrivateKeyDetector"
    },
    {
      "name": "SlackDetector"
    },
    {
      "name": "SoftlayerDetector"
    },
    {
      "name": "SquareOAuthDetector"
    },
    {
      "name": "StripeDetector"
    },
    {
      "name": "TwilioKeyDetector"
    }
  ],
  "results": {
    "RelyingPartySdk/build.gradle": [
      {
        "hashed_secret": "34b980d584460005141e48bd9aa76905bdd741c4",
        "is_secret": false,
        "is_verified": false,
        "line_number": 40,
        "type": "Secret Keyword",
        "verified_result": null
      }
    ],
    "RelyingPartySdk/src/androidTest/java/com/ibm/security/relyingpartysdk/RelyingPartyClientTest.kt": [
      {
        "hashed_secret": "500fb7853978b3e70c3aeb92ac74d524e4e93ac8",
        "is_secret": false,
        "is_verified": false,
        "line_number": 23,
        "type": "Secret Keyword",
        "verified_result": null
      }
    ],
    "RelyingPartySdk/src/main/java/com/ibm/security/relyingpartysdk/RelyingPartyClient.kt": [
      {
        "hashed_secret": "45c43fe97e3a06ab078b0eeff6fbe622cc417a25",
        "is_secret": false,
        "is_verified": false,
        "line_number": 37,
        "type": "Secret Keyword",
        "verified_result": null
      }
    ]
  },
  "version": "0.13.1+ibm.64.dss",
  "word_list": {
    "file": null,
    "hash": null
  }
}
